{
    "Should run without failures": {
        "content": [
            2,
            "uniqmap.GRCh38_chr21.50nt.zip:md5,1988058f42465f701caaf9ee651531dc"
        ],
        "meta": {
            "nf-test": "0.9.2",
            "nextflow": "24.10.1"
        },
        "timestamp": "2024-11-26T17:27:39.624901"
    }
}